Checking the license for package Android SDK Build-Tools 36 in C:\Users\Cnrma\AppData\Local\Android\Sdk\licenses
License for package Android SDK Build-Tools 36 accepted.
Preparing "Install Android SDK Build-Tools 36 v.36.0.0".
"Install Android SDK Build-Tools 36 v.36.0.0" ready.
Installing Android SDK Build-Tools 36 in C:\Users\Cnrma\AppData\Local\Android\Sdk\build-tools\36.0.0
"Install Android SDK Build-Tools 36 v.36.0.0" complete.
"Install Android SDK Build-Tools 36 v.36.0.0" finished.
[=========                              ] 25%                                   > Task :app:preBuild UP-TO-DATE
> Task :app:preDebugBuild UP-TO-DATE
> Task :app:mergeDebugNativeDebugMetadata NO-SOURCE
> Task :app:compileDebugAidl NO-SOURCE
> Task :app:generateDebugResources
> Task :app:packageDebugResources
> Task :appintro:preBuild UP-TO-DATE
> Task :appintro:preDebugBuild UP-TO-DATE
> Task :appintro:processDebugNavigationResources
> Task :patternlock:preBuild UP-TO-DATE
> Task :patternlock:preDebugBuild UP-TO-DATE
> Task :patternlock:processDebugNavigationResources
> Task :app:processDebugNavigationResources
> Task :appintro:generateDebugResources
> Task :appintro:packageDebugResources
> Task :hidden-api:preBuild UP-TO-DATE
> Task :hidden-api:preDebugBuild UP-TO-DATE
> Task :appintro:javaPreCompileDebug
> Task :hidden-api:generateDebugResources
> Task :appintro:parseDebugLocalResources
> Task :hidden-api:packageDebugResources
> Task :app:parseDebugLocalResources
> Task :hidden-api:processDebugNavigationResources
> Task :appintro:generateDebugRFile
> Task :app:generateDebugRFile
> Task :hidden-api:parseDebugLocalResources
> Task :hidden-api:javaPreCompileDebug
> Task :patternlock:generateDebugResources
> Task :hidden-api:generateDebugRFile
> Task :patternlock:packageDebugResources
> Task :patternlock:javaPreCompileDebug
> Task :patternlock:parseDebugLocalResources
> Task :app:javaPreCompileDebug
> Task :app:generateDebugAssets UP-TO-DATE
> Task :appintro:generateDebugAssets UP-TO-DATE
> Task :patternlock:generateDebugRFile
> Task :appintro:mergeDebugAssets
> Task :appintro:compileDebugKotlin
> Task :patternlock:generateDebugAssets UP-TO-DATE
> Task :patternlock:mergeDebugAssets
> Task :app:mergeDebugAssets
> Task :app:compressDebugAssets
> Task :app:generateDebugGlobalSynthetics
> Task :app:desugarDebugFileDependencies
> Task :appintro:writeDebugAarMetadata
> Task :patternlock:writeDebugAarMetadata
> Task :app:mapDebugSourceSetPaths
> Task :app:checkDebugDuplicateClasses
> Task :app:checkDebugAarMetadata

> Task :hidden-api:compileDebugKotlin
w: file:///C:/Users/Cnrma/uygulama-kilidi/hidden-api/src/main/java/android/app/ActivityManager.kt:957:29 The corresponding parameter in the supertype 'Any' is named 'other'. This may cause problems when calling this function with named arguments.
w: file:///C:/Users/Cnrma/uygulama-kilidi/hidden-api/src/main/java/android/app/ActivityManager.kt:987:24 'constructor(): ActivityManager.TaskDescription' is deprecated.

> Task :patternlock:compileDebugKotlin
> Task :app:mergeExtDexDebug
> Task :appintro:compileDebugJavaWithJavac NO-SOURCE
> Task :appintro:bundleLibCompileToJarDebug

> Task :hidden-api:compileDebugJavaWithJavac
C:\Users\Cnrma\uygulama-kilidi\hidden-api\src\main\java\android\app\IActivityManager.java:111: warning: [dep-ann] deprecated item is not annotated with @Deprecated
    int startActivity(IApplicationThread caller, String callingPackage, Intent intent,
        ^
C:\Users\Cnrma\uygulama-kilidi\hidden-api\src\main\java\android\app\IActivityManager.java:140: warning: [dep-ann] deprecated item is not annotated with @Deprecated
    int broadcastIntent(IApplicationThread caller, Intent intent,
        ^
C:\Users\Cnrma\uygulama-kilidi\hidden-api\src\main\java\android\app\IActivityManager.java:248: warning: [dep-ann] deprecated item is not annotated with @Deprecated
    IIntentSender getIntentSender(int type, String packageName, IBinder token,
                  ^
C:\Users\Cnrma\uygulama-kilidi\hidden-api\src\main\java\android\app\IActivityManager.java:390: warning: [dep-ann] deprecated item is not annotated with @Deprecated
    void removeContentProviderExternal(String name, IBinder token);
         ^
C:\Users\Cnrma\uygulama-kilidi\hidden-api\src\main\java\android\app\IActivityManager.java:413: warning: [dep-ann] deprecated item is not annotated with @Deprecated
    int startActivityAsUser(IApplicationThread caller, String callingPackage,
        ^
C:\Users\Cnrma\uygulama-kilidi\hidden-api\src\main\java\android\app\IActivityManager.java:582: warning: [dep-ann] deprecated item is not annotated with @Deprecated
    boolean unlockUser(int userid, byte[] token, byte[] secret,
            ^
C:\Users\Cnrma\uygulama-kilidi\hidden-api\src\main\java\android\content\pm\IPackageManager.java:438: warning: [dep-ann] deprecated item is not annotated with @Deprecated
    String[] getSystemSharedLibraryNames();
             ^
C:\Users\Cnrma\uygulama-kilidi\hidden-api\src\main\java\android\content\pm\IPackageManager.java:498: warning: [dep-ann] deprecated item is not annotated with @Deprecated
    void verifyIntentFilter(int id, int verificationCode, List<String> failedDomains);
         ^
C:\Users\Cnrma\uygulama-kilidi\hidden-api\src\main\java\android\content\pm\IPackageManager.java:503: warning: [dep-ann] deprecated item is not annotated with @Deprecated
    int getIntentVerificationStatus(String packageName, int userId);
        ^
C:\Users\Cnrma\uygulama-kilidi\hidden-api\src\main\java\android\content\pm\IPackageManager.java:508: warning: [dep-ann] deprecated item is not annotated with @Deprecated
    boolean updateIntentVerificationStatus(String packageName, int status, int userId);
            ^
C:\Users\Cnrma\uygulama-kilidi\hidden-api\src\main\java\android\content\pm\IPackageManager.java:513: warning: [dep-ann] deprecated item is not annotated with @Deprecated
    ParceledListSlice getIntentFilterVerifications(String packageName);
                      ^
11 warnings

> Task :patternlock:compileDebugJavaWithJavac NO-SOURCE
> Task :patternlock:bundleLibCompileToJarDebug
> Task :appintro:processDebugJavaRes
> Task :hidden-api:bundleLibCompileToJarDebug
> Task :patternlock:processDebugJavaRes
> Task :appintro:bundleLibRuntimeToJarDebug
> Task :patternlock:bundleLibRuntimeToJarDebug
> Task :app:compileDebugNavigationResources
> Task :app:createDebugCompatibleScreenManifests
> Task :app:extractDeepLinksDebug
> Task :appintro:extractDeepLinksDebug
> Task :patternlock:extractDeepLinksDebug
> Task :appintro:mapDebugSourceSetPaths
> Task :patternlock:mapDebugSourceSetPaths
> Task :appintro:compileDebugLibraryResources
> Task :app:mergeDebugJniLibFolders
> Task :appintro:mergeDebugJniLibFolders
> Task :appintro:mergeDebugNativeLibs NO-SOURCE
> Task :patternlock:compileDebugLibraryResources
> Task :app:mergeLibDexDebug
> Task :appintro:copyDebugJniLibsProjectOnly
> Task :patternlock:mergeDebugJniLibFolders
> Task :patternlock:mergeDebugNativeLibs NO-SOURCE
> Task :patternlock:copyDebugJniLibsProjectOnly
> Task :app:validateSigningDebug
> Task :patternlock:processDebugManifest
> Task :appintro:processDebugManifest
> Task :app:mergeDebugNativeLibs
> Task :app:mergeDebugResources
> Task :app:processDebugMainManifest
> Task :app:processDebugManifest
> Task :app:writeDebugAppMetadata
> Task :app:writeDebugSigningConfigVersions
> Task :appintro:stripDebugDebugSymbols NO-SOURCE
> Task :appintro:copyDebugJniLibsProjectAndLocalJars
> Task :app:stripDebugDebugSymbols
> Task :appintro:checkDebugAarMetadata
> Task :app:compileDebugKotlin
> Task :appintro:extractDebugAnnotations
> Task :appintro:extractDeepLinksForAarDebug
> Task :appintro:mergeDebugGeneratedProguardFiles
> Task :appintro:mergeDebugConsumerProguardFiles
> Task :appintro:prepareDebugArtProfile
> Task :appintro:prepareLintJarForPublish
> Task :hidden-api:checkDebugAarMetadata
> Task :hidden-api:mergeDebugJniLibFolders
> Task :hidden-api:mergeDebugNativeLibs NO-SOURCE
> Task :hidden-api:stripDebugDebugSymbols NO-SOURCE
> Task :hidden-api:copyDebugJniLibsProjectAndLocalJars
> Task :hidden-api:extractDeepLinksForAarDebug
> Task :hidden-api:generateDebugAssets UP-TO-DATE
> Task :app:processDebugManifestForPackage
> Task :appintro:mergeDebugJavaResource
> Task :appintro:syncDebugLibJars
> Task :appintro:bundleDebugAar
> Task :appintro:assembleDebug
> Task :hidden-api:mergeDebugAssets
> Task :hidden-api:mergeDebugGeneratedProguardFiles
> Task :hidden-api:mergeDebugConsumerProguardFiles
> Task :hidden-api:prepareDebugArtProfile
> Task :hidden-api:prepareLintJarForPublish
> Task :hidden-api:processDebugManifest
> Task :hidden-api:processDebugJavaRes
> Task :hidden-api:writeDebugAarMetadata
> Task :hidden-api:mergeDebugJavaResource
> Task :patternlock:stripDebugDebugSymbols NO-SOURCE
> Task :patternlock:copyDebugJniLibsProjectAndLocalJars
> Task :patternlock:checkDebugAarMetadata
> Task :patternlock:extractDebugAnnotations
> Task :patternlock:extractDeepLinksForAarDebug
> Task :patternlock:mergeDebugGeneratedProguardFiles
> Task :patternlock:mergeDebugConsumerProguardFiles
> Task :patternlock:prepareDebugArtProfile
> Task :patternlock:prepareLintJarForPublish
> Task :patternlock:mergeDebugJavaResource
> Task :patternlock:syncDebugLibJars
> Task :patternlock:bundleDebugAar
> Task :patternlock:assembleDebug
> Task :app:processDebugResources

> Task :app:compileDebugKotlin
w: file:///C:/Users/Cnrma/uygulama-kilidi/app/src/main/java/dev/pranav/applock/features/applist/ui/MainScreen.kt:334:26 'fun rememberModalBottomSheetState(skipPartiallyExpanded: Boolean = ..., confirmValueChange: (SheetValue) -> Boolean = ...): SheetState' is deprecated. Use rememberBottomSheetState with Hidden initial value.
w: file:///C:/Users/Cnrma/uygulama-kilidi/app/src/main/java/dev/pranav/applock/features/applist/ui/MainScreen.kt:582:5 'fun ListItem(headlineContent: ComposableFunction0<Unit>, modifier: Modifier = ..., overlineContent: ComposableFunction0<Unit>? = ..., supportingContent: ComposableFunction0<Unit>? = ..., leadingContent: ComposableFunction0<Unit>? = ..., trailingContent: ComposableFunction0<Unit>? = ..., colors: ListItemColors = ..., tonalElevation: Dp = ..., shadowElevation: Dp = ...): Unit' is deprecated. Use the overload where `headlineContent` is now a trailing `content` lambda.
w: file:///C:/Users/Cnrma/uygulama-kilidi/app/src/main/java/dev/pranav/applock/features/applist/ui/MainScreen.kt:660:5 'fun ListItem(headlineContent: ComposableFunction0<Unit>, modifier: Modifier = ..., overlineContent: ComposableFunction0<Unit>? = ..., supportingContent: ComposableFunction0<Unit>? = ..., leadingContent: ComposableFunction0<Unit>? = ..., trailingContent: ComposableFunction0<Unit>? = ..., colors: ListItemColors = ..., tonalElevation: Dp = ..., shadowElevation: Dp = ...): Unit' is deprecated. Use the overload where `headlineContent` is now a trailing `content` lambda.
w: file:///C:/Users/Cnrma/uygulama-kilidi/app/src/main/java/dev/pranav/applock/features/lockscreen/ui/PasswordOverlayScreen.kt:124:48 'static field FLAG_TURN_SCREEN_ON: Int' is deprecated. Deprecated in Java.
w: file:///C:/Users/Cnrma/uygulama-kilidi/app/src/main/java/dev/pranav/applock/features/settings/ui/SettingsScreen.kt:591:5 'fun ListItem(headlineContent: ComposableFunction0<Unit>, modifier: Modifier = ..., overlineContent: ComposableFunction0<Unit>? = ..., supportingContent: ComposableFunction0<Unit>? = ..., leadingContent: ComposableFunction0<Unit>? = ..., trailingContent: ComposableFunction0<Unit>? = ..., colors: ListItemColors = ..., tonalElevation: Dp = ..., shadowElevation: Dp = ...): Unit' is deprecated. Use the overload where `headlineContent` is now a trailing `content` lambda.
w: file:///C:/Users/Cnrma/uygulama-kilidi/app/src/main/java/dev/pranav/applock/features/settings/ui/SettingsScreen.kt:644:5 'fun ListItem(headlineContent: ComposableFunction0<Unit>, modifier: Modifier = ..., overlineContent: ComposableFunction0<Unit>? = ..., supportingContent: ComposableFunction0<Unit>? = ..., leadingContent: ComposableFunction0<Unit>? = ..., trailingContent: ComposableFunction0<Unit>? = ..., colors: ListItemColors = ..., tonalElevation: Dp = ..., shadowElevation: Dp = ...): Unit' is deprecated. Use the overload where `headlineContent` is now a trailing `content` lambda.
w: file:///C:/Users/Cnrma/uygulama-kilidi/app/src/main/java/dev/pranav/applock/features/settings/ui/SettingsScreen.kt:841:5 'fun ListItem(headlineContent: ComposableFunction0<Unit>, modifier: Modifier = ..., overlineContent: ComposableFunction0<Unit>? = ..., supportingContent: ComposableFunction0<Unit>? = ..., leadingContent: ComposableFunction0<Unit>? = ..., trailingContent: ComposableFunction0<Unit>? = ..., colors: ListItemColors = ..., tonalElevation: Dp = ..., shadowElevation: Dp = ...): Unit' is deprecated. Use the overload where `headlineContent` is now a trailing `content` lambda.
w: file:///C:/Users/Cnrma/uygulama-kilidi/app/src/main/java/dev/pranav/applock/features/settings/ui/SettingsScreen.kt:1072:5 'fun ListItem(headlineContent: ComposableFunction0<Unit>, modifier: Modifier = ..., overlineContent: ComposableFunction0<Unit>? = ..., supportingContent: ComposableFunction0<Unit>? = ..., leadingContent: ComposableFunction0<Unit>? = ..., trailingContent: ComposableFunction0<Unit>? = ..., colors: ListItemColors = ..., tonalElevation: Dp = ..., shadowElevation: Dp = ...): Unit' is deprecated. Use the overload where `headlineContent` is now a trailing `content` lambda.
w: file:///C:/Users/Cnrma/uygulama-kilidi/app/src/main/java/dev/pranav/applock/services/UsageLockService.kt:216:30 Unnecessary non-null assertion (!!) on a non-null receiver of type 'Pair<String, String>'.
w: file:///C:/Users/Cnrma/uygulama-kilidi/app/src/main/java/dev/pranav/applock/shizuku/ShizukuActivityManager.kt:54:24 'static field ACTION_CLOSE_SYSTEM_DIALOGS: String' is deprecated. Deprecated in Java.
w: file:///C:/Users/Cnrma/uygulama-kilidi/app/src/main/java/dev/pranav/applock/shizuku/ShizukuActivityManager.kt:92:30 'static field ACTION_CLOSE_SYSTEM_DIALOGS: String' is deprecated. Deprecated in Java.
w: file:///C:/Users/Cnrma/uygulama-kilidi/app/src/main/java/dev/pranav/applock/ui/components/DonateButton.kt:88:22 'fun rememberModalBottomSheetState(skipPartiallyExpanded: Boolean = ..., confirmValueChange: (SheetValue) -> Boolean = ...): SheetState' is deprecated. Use rememberBottomSheetState with Hidden initial value.

> Task :app:compileDebugJavaWithJavac NO-SOURCE
> Task :app:processDebugJavaRes
> Task :app:mergeDebugJavaResource

> Task :hidden-api:extractDebugAnnotations
Warning: android.app.WindowConfiguration.AlwaysOnTop: The typedef annotation should have @Retention(RetentionPolicy.SOURCE)
Warning: android.app.WindowConfiguration.WindowConfig: The typedef annotation should have @Retention(RetentionPolicy.SOURCE)

> Task :hidden-api:syncDebugLibJars
> Task :hidden-api:bundleDebugAar
> Task :hidden-api:assembleDebug
> Task :app:transformDebugClassesWithAsm
> Task :app:dexBuilderDebug
> Task :app:mergeProjectDexDebug
> Task :app:packageDebug
> Task :app:createDebugApkListingFileRedirect
> Task :app:assembleDebug

[Incubating] Problems report is available at: file:///C:/Users/Cnrma/uygulama-kilidi/build/reports/problems/problems-report.html

BUILD SUCCESSFUL in 6m 28s
120 actionable tasks: 120 executed
Consider enabling configuration cache to speed up this build: https://docs.gradle.org/9.5.1/userguide/configuration_cache_enabling.html
