> Task :app:preBuild UP-TO-DATE
> Task :app:preDebugBuild UP-TO-DATE
> Task :app:mergeDebugNativeDebugMetadata NO-SOURCE
> Task :app:compileDebugAidl NO-SOURCE
> Task :app:generateDebugResources
> Task :app:packageDebugResources
> Task :appintro:preBuild UP-TO-DATE
> Task :appintro:preDebugBuild UP-TO-DATE
> Task :appintro:processDebugNavigationResources UP-TO-DATE
> Task :patternlock:preBuild UP-TO-DATE
> Task :patternlock:preDebugBuild UP-TO-DATE
> Task :patternlock:processDebugNavigationResources UP-TO-DATE
> Task :app:processDebugNavigationResources
> Task :appintro:generateDebugResources UP-TO-DATE
> Task :appintro:packageDebugResources UP-TO-DATE
> Task :appintro:parseDebugLocalResources UP-TO-DATE
> Task :appintro:generateDebugRFile UP-TO-DATE
> Task :app:parseDebugLocalResources
> Task :appintro:compileDebugKotlin UP-TO-DATE
> Task :app:generateDebugRFile UP-TO-DATE
> Task :appintro:javaPreCompileDebug UP-TO-DATE
> Task :appintro:compileDebugJavaWithJavac NO-SOURCE
> Task :appintro:bundleLibCompileToJarDebug UP-TO-DATE
> Task :hidden-api:preBuild UP-TO-DATE
> Task :hidden-api:preDebugBuild UP-TO-DATE
> Task :hidden-api:generateDebugResources UP-TO-DATE
> Task :hidden-api:packageDebugResources UP-TO-DATE
> Task :hidden-api:processDebugNavigationResources UP-TO-DATE
> Task :hidden-api:parseDebugLocalResources UP-TO-DATE
> Task :hidden-api:generateDebugRFile UP-TO-DATE
> Task :hidden-api:compileDebugKotlin UP-TO-DATE
> Task :hidden-api:javaPreCompileDebug UP-TO-DATE
> Task :hidden-api:compileDebugJavaWithJavac UP-TO-DATE
> Task :hidden-api:bundleLibCompileToJarDebug UP-TO-DATE
> Task :patternlock:generateDebugResources UP-TO-DATE
> Task :patternlock:packageDebugResources UP-TO-DATE
> Task :patternlock:parseDebugLocalResources UP-TO-DATE
> Task :patternlock:generateDebugRFile UP-TO-DATE
> Task :patternlock:compileDebugKotlin UP-TO-DATE
> Task :patternlock:javaPreCompileDebug UP-TO-DATE
> Task :patternlock:compileDebugJavaWithJavac NO-SOURCE
> Task :patternlock:bundleLibCompileToJarDebug UP-TO-DATE
> Task :app:javaPreCompileDebug UP-TO-DATE
> Task :app:generateDebugAssets UP-TO-DATE
> Task :appintro:generateDebugAssets UP-TO-DATE
> Task :appintro:mergeDebugAssets UP-TO-DATE
> Task :patternlock:generateDebugAssets UP-TO-DATE
> Task :patternlock:mergeDebugAssets UP-TO-DATE
> Task :app:mergeDebugAssets UP-TO-DATE
> Task :app:compressDebugAssets UP-TO-DATE
> Task :app:generateDebugGlobalSynthetics UP-TO-DATE
> Task :appintro:processDebugJavaRes UP-TO-DATE
> Task :patternlock:processDebugJavaRes UP-TO-DATE
> Task :app:checkDebugDuplicateClasses UP-TO-DATE
> Task :app:desugarDebugFileDependencies UP-TO-DATE
> Task :app:mergeExtDexDebug UP-TO-DATE
> Task :appintro:bundleLibRuntimeToJarDebug UP-TO-DATE
> Task :patternlock:bundleLibRuntimeToJarDebug UP-TO-DATE
> Task :appintro:writeDebugAarMetadata UP-TO-DATE
> Task :patternlock:writeDebugAarMetadata UP-TO-DATE
> Task :app:mergeLibDexDebug UP-TO-DATE
> Task :app:checkDebugAarMetadata UP-TO-DATE
> Task :app:mapDebugSourceSetPaths
> Task :app:compileDebugNavigationResources UP-TO-DATE
> Task :app:createDebugCompatibleScreenManifests UP-TO-DATE
> Task :app:extractDeepLinksDebug UP-TO-DATE
> Task :appintro:extractDeepLinksDebug UP-TO-DATE
> Task :appintro:processDebugManifest UP-TO-DATE
> Task :patternlock:extractDeepLinksDebug UP-TO-DATE
> Task :patternlock:processDebugManifest UP-TO-DATE
> Task :app:processDebugMainManifest UP-TO-DATE
> Task :app:processDebugManifest UP-TO-DATE
> Task :app:processDebugManifestForPackage UP-TO-DATE
> Task :appintro:mapDebugSourceSetPaths UP-TO-DATE
> Task :appintro:compileDebugLibraryResources UP-TO-DATE
> Task :patternlock:mapDebugSourceSetPaths UP-TO-DATE
> Task :patternlock:compileDebugLibraryResources UP-TO-DATE
> Task :app:mergeDebugJniLibFolders UP-TO-DATE
> Task :appintro:mergeDebugJniLibFolders UP-TO-DATE
> Task :appintro:mergeDebugNativeLibs NO-SOURCE
> Task :appintro:copyDebugJniLibsProjectOnly UP-TO-DATE
> Task :patternlock:mergeDebugJniLibFolders UP-TO-DATE
> Task :patternlock:mergeDebugNativeLibs NO-SOURCE
> Task :patternlock:copyDebugJniLibsProjectOnly UP-TO-DATE
> Task :app:mergeDebugResources
> Task :app:mergeDebugNativeLibs UP-TO-DATE
> Task :app:stripDebugDebugSymbols UP-TO-DATE
> Task :app:validateSigningDebug UP-TO-DATE
> Task :app:writeDebugAppMetadata UP-TO-DATE
> Task :app:writeDebugSigningConfigVersions UP-TO-DATE
> Task :appintro:checkDebugAarMetadata UP-TO-DATE
> Task :appintro:stripDebugDebugSymbols NO-SOURCE
> Task :appintro:copyDebugJniLibsProjectAndLocalJars UP-TO-DATE
> Task :appintro:extractDebugAnnotations UP-TO-DATE
> Task :appintro:extractDeepLinksForAarDebug UP-TO-DATE
> Task :appintro:mergeDebugGeneratedProguardFiles UP-TO-DATE
> Task :appintro:mergeDebugConsumerProguardFiles UP-TO-DATE
> Task :appintro:prepareDebugArtProfile UP-TO-DATE
> Task :appintro:prepareLintJarForPublish UP-TO-DATE
> Task :appintro:mergeDebugJavaResource UP-TO-DATE
> Task :appintro:syncDebugLibJars UP-TO-DATE
> Task :appintro:bundleDebugAar UP-TO-DATE
> Task :appintro:assembleDebug UP-TO-DATE
> Task :hidden-api:checkDebugAarMetadata UP-TO-DATE
> Task :hidden-api:mergeDebugJniLibFolders UP-TO-DATE
> Task :hidden-api:mergeDebugNativeLibs NO-SOURCE
> Task :hidden-api:stripDebugDebugSymbols NO-SOURCE
> Task :hidden-api:copyDebugJniLibsProjectAndLocalJars UP-TO-DATE
> Task :hidden-api:extractDebugAnnotations UP-TO-DATE
> Task :hidden-api:extractDeepLinksForAarDebug UP-TO-DATE
> Task :hidden-api:generateDebugAssets UP-TO-DATE
> Task :hidden-api:mergeDebugAssets UP-TO-DATE
> Task :hidden-api:mergeDebugGeneratedProguardFiles UP-TO-DATE
> Task :hidden-api:mergeDebugConsumerProguardFiles UP-TO-DATE
> Task :hidden-api:prepareDebugArtProfile UP-TO-DATE
> Task :hidden-api:prepareLintJarForPublish UP-TO-DATE
> Task :hidden-api:processDebugManifest UP-TO-DATE
> Task :hidden-api:processDebugJavaRes UP-TO-DATE
> Task :hidden-api:mergeDebugJavaResource UP-TO-DATE
> Task :hidden-api:syncDebugLibJars UP-TO-DATE
> Task :hidden-api:writeDebugAarMetadata UP-TO-DATE
> Task :hidden-api:bundleDebugAar UP-TO-DATE
> Task :hidden-api:assembleDebug UP-TO-DATE
> Task :patternlock:checkDebugAarMetadata UP-TO-DATE
> Task :patternlock:stripDebugDebugSymbols NO-SOURCE
> Task :patternlock:copyDebugJniLibsProjectAndLocalJars UP-TO-DATE
> Task :patternlock:extractDebugAnnotations UP-TO-DATE
> Task :patternlock:extractDeepLinksForAarDebug UP-TO-DATE
> Task :patternlock:mergeDebugGeneratedProguardFiles UP-TO-DATE
> Task :patternlock:mergeDebugConsumerProguardFiles UP-TO-DATE
> Task :patternlock:prepareDebugArtProfile UP-TO-DATE
> Task :patternlock:prepareLintJarForPublish UP-TO-DATE
> Task :patternlock:mergeDebugJavaResource UP-TO-DATE
> Task :patternlock:syncDebugLibJars UP-TO-DATE
> Task :patternlock:bundleDebugAar UP-TO-DATE
> Task :patternlock:assembleDebug UP-TO-DATE
> Task :app:processDebugResources

> Task :app:compileDebugKotlin
w: file:///C:/Users/Cnrma/uygulama-kilidi/app/src/main/java/dev/pranav/applock/features/applist/ui/MainScreen.kt:334:26 'fun rememberModalBottomSheetState(skipPartiallyExpanded: Boolean = ..., confirmValueChange: (SheetValue) -> Boolean = ...): SheetState' is deprecated. Use rememberBottomSheetState with Hidden initial value.
w: file:///C:/Users/Cnrma/uygulama-kilidi/app/src/main/java/dev/pranav/applock/features/applist/ui/MainScreen.kt:582:5 'fun ListItem(headlineContent: ComposableFunction0<Unit>, modifier: Modifier = ..., overlineContent: ComposableFunction0<Unit>? = ..., supportingContent: ComposableFunction0<Unit>? = ..., leadingContent: ComposableFunction0<Unit>? = ..., trailingContent: ComposableFunction0<Unit>? = ..., colors: ListItemColors = ..., tonalElevation: Dp = ..., shadowElevation: Dp = ...): Unit' is deprecated. Use the overload where `headlineContent` is now a trailing `content` lambda.
w: file:///C:/Users/Cnrma/uygulama-kilidi/app/src/main/java/dev/pranav/applock/features/applist/ui/MainScreen.kt:660:5 'fun ListItem(headlineContent: ComposableFunction0<Unit>, modifier: Modifier = ..., overlineContent: ComposableFunction0<Unit>? = ..., supportingContent: ComposableFunction0<Unit>? = ..., leadingContent: ComposableFunction0<Unit>? = ..., trailingContent: ComposableFunction0<Unit>? = ..., colors: ListItemColors = ..., tonalElevation: Dp = ..., shadowElevation: Dp = ...): Unit' is deprecated. Use the overload where `headlineContent` is now a trailing `content` lambda.
w: file:///C:/Users/Cnrma/uygulama-kilidi/app/src/main/java/dev/pranav/applock/features/lockscreen/ui/PasswordOverlayScreen.kt:124:48 'static field FLAG_TURN_SCREEN_ON: Int' is deprecated. Deprecated in Java.
w: file:///C:/Users/Cnrma/uygulama-kilidi/app/src/main/java/dev/pranav/applock/services/UsageLockService.kt:216:30 Unnecessary non-null assertion (!!) on a non-null receiver of type 'Pair<String, String>'.

> Task :app:compileDebugJavaWithJavac NO-SOURCE
> Task :app:processDebugJavaRes UP-TO-DATE
> Task :app:mergeDebugJavaResource UP-TO-DATE
> Task :app:transformDebugClassesWithAsm
> Task :app:dexBuilderDebug
> Task :app:mergeProjectDexDebug
> Task :app:packageDebug
> Task :app:createDebugApkListingFileRedirect UP-TO-DATE
> Task :app:assembleDebug

[Incubating] Problems report is available at: file:///C:/Users/Cnrma/uygulama-kilidi/build/reports/problems/problems-report.html

BUILD SUCCESSFUL in 17s
120 actionable tasks: 12 executed, 108 up-to-date
Consider enabling configuration cache to speed up this build: https://docs.gradle.org/9.5.1/userguide/configuration_cache_enabling.html
